path: fail/using_type_provenance/main.nia
code: E0201
summary: `using entry::...` could not be resolved: name `missing` is unavailable because its `using` directive did not find it
label: 13..20 Primary Source this imported name could not be resolved
help: check the imported module path and make sure `missing` is declared there
related: 0..21 the `using` directive is here

path: fail/using_type_provenance/main.nia
code: E0201
summary: type `missing` is unavailable
label: 38..45 Primary Source name `missing` is unavailable because its `using` directive did not find it
help: check the imported module path and make sure `missing` is declared there
related: 13..20 the imported type is selected here
related: 0..21 the `using` directive is here
cause: fail/using_type_provenance/main.nia E0201 13..20

path: fail/using_type_provenance/main.nia
code: E0201
summary: type `missing` is unavailable
label: 47..54 Primary Source name `missing` is unavailable because its `using` directive did not find it
help: check the imported module path and make sure `missing` is declared there
related: 13..20 the imported type is selected here
related: 0..21 the `using` directive is here
cause: fail/using_type_provenance/main.nia E0201 13..20

report:
diagnostics:
root diagnostic:
error[E0201]: `using entry::...` could not be resolved: name `missing` is unavailable because its `using` directive did not find it
  --> fail/using_type_provenance/main.nia:1:14
  |
1 | using entry::missing;
  |              ^^^^^^^ this imported name could not be resolved
help: check the imported module path and make sure `missing` is declared there
related: fail/using_type_provenance/main.nia:1:1: the `using` directive is here

related to root diagnostic 1:
error[E0201]: type `missing` is unavailable
  --> fail/using_type_provenance/main.nia:3:16
  |
3 | fn main(value: missing) missing { value }
  |                ^^^^^^^ name `missing` is unavailable because its `using` directive did not find it
help: check the imported module path and make sure `missing` is declared there
related: fail/using_type_provenance/main.nia:1:14: the imported type is selected here
related: fail/using_type_provenance/main.nia:1:1: the `using` directive is here

related to root diagnostic 1:
error[E0201]: type `missing` is unavailable
  --> fail/using_type_provenance/main.nia:3:25
  |
3 | fn main(value: missing) missing { value }
  |                         ^^^^^^^ name `missing` is unavailable because its `using` directive did not find it
help: check the imported module path and make sure `missing` is declared there
related: fail/using_type_provenance/main.nia:1:14: the imported type is selected here
related: fail/using_type_provenance/main.nia:1:1: the `using` directive is here

summary: 3 errors, 0 warnings
