path: fail/using_group_nested_recovery/main.nia
code: E0101
summary: expected name in `using`
label: 7..8 Primary Source expected name in `using`
help: use an identifier in this position

report:
diagnostics:
root diagnostic:
error[E0101]: expected name in `using`
  --> fail/using_group_nested_recovery/main.nia:1:8
  |
1 | using {(bad, value), kept};
  |        ^ expected name in `using`
help: use an identifier in this position

summary: 1 error, 0 warnings
