path: fail/nested_required_type_recovery/main.nia
code: E0201
summary: unknown type `Missing`
label: 81..88 Primary Source unknown type `Missing`
help: check the type name, module path, and whether the type is public

path: fail/nested_required_type_recovery/main.nia
code: E0201
summary: unknown type `Other`
label: 122..127 Primary Source unknown type `Other`
help: check the type name, module path, and whether the type is public

path: fail/nested_required_type_recovery/main.nia
code: E0301
summary: type mismatch in call argument 1: expected i32, got bool
label: 151..155 Primary Source type mismatch in call argument 1: expected i32, got bool
note: this context requires `i32`, but the expression produces `bool`
help: change the expression to the expected type, add an explicit conversion, or adjust the surrounding type annotation

report:
diagnostics:
root diagnostic:
error[E0201]: unknown type `Missing`
  --> fail/nested_required_type_recovery/main.nia:4:29
  |
4 |     _ = std::builtin::size[&Missing]();
  |                             ^^^^^^^
help: check the type name, module path, and whether the type is public

root diagnostic:
error[E0201]: unknown type `Other`
  --> fail/nested_required_type_recovery/main.nia:5:30
  |
5 |     _ = std::builtin::align[(Other, i32)]();
  |                              ^^^^^
help: check the type name, module path, and whether the type is public

root diagnostic:
error[E0301]: type mismatch in call argument 1: expected i32, got bool
  --> fail/nested_required_type_recovery/main.nia:6:14
  |
6 |     _ = need(true);
  |              ^^^^
note: this context requires `i32`, but the expression produces `bool`
help: change the expression to the expected type, add an explicit conversion, or adjust the surrounding type annotation

summary: 3 errors, 0 warnings
