path: main.nia
code: E0201
summary: extend target must be an extendable value type
label: 7..8 Primary Source extend target must be an extendable value type

path: main.nia
code: E0201
summary: extend target must be an extendable value type
label: 7..8 Primary Source extend target must be an extendable value type
