path: fail/propagation_diagnostics/main.nia
code: E0301
summary: `.?` requires optional or error union operand, found `i32`
label: 141..148 Primary Source `.?` requires optional or error union operand, found `i32`
label: 141..146 Secondary Source this expression has non-propagatable type `i32`
help: remove `.?`, or make the operand produce an optional or error-union value

path: fail/propagation_diagnostics/main.nia
code: E0301
summary: optional propagation requires an optional function return type
label: 89..96 Primary Source this optional value is propagated here
label: 89..94 Secondary Source this expression has optional type `?i32`
note: the enclosing function returns `i32`, so it cannot return the propagated empty optional
help: change the function return type to an optional, or handle the empty case before using `.?`

path: fail/propagation_diagnostics/main.nia
code: E0301
summary: error propagation requires `SourceError` to implement `IntoError[TargetError]`
label: 220..227 Primary Source error propagation requires `SourceError` to implement `IntoError[TargetError]`
label: 220..225 Secondary Source propagated error value has type `SourceError`
label: 152..229 Secondary Source function return type is the propagation boundary
note: the propagated expression has error type `SourceError`, while this function returns error type `TargetError`
note: no direct, visible `IntoError` implementation was found for the propagated error
help: implement `IntoError[TargetError]` for `SourceError`, or change the function return error type to `SourceError`

report:
diagnostics:
root diagnostic:
error[E0301]: optional propagation requires an optional function return type
  --> fail/propagation_diagnostics/main.nia:5:5
  |
5 |     value.?
  |     ^^^^^^^ this optional value is propagated here
  ::: fail/propagation_diagnostics/main.nia:5:5
  |
5 |     value.?
  |     ----- this expression has optional type `?i32`
note: the enclosing function returns `i32`, so it cannot return the propagated empty optional
help: change the function return type to an optional, or handle the empty case before using `.?`

root diagnostic:
error[E0301]: `.?` requires optional or error union operand, found `i32`
  --> fail/propagation_diagnostics/main.nia:9:5
  |
9 |     value.?
  |     ^^^^^^^ `.?` requires optional or error union operand, found `i32`
  ::: fail/propagation_diagnostics/main.nia:9:5
  |
9 |     value.?
  |     ----- this expression has non-propagatable type `i32`
help: remove `.?`, or make the operand produce an optional or error-union value

root diagnostic:
error[E0301]: error propagation requires `SourceError` to implement `IntoError[TargetError]`
   --> fail/propagation_diagnostics/main.nia:13:5
   |
13 |     value.?
   |     ^^^^^^^ error propagation requires `SourceError` to implement `IntoError[TargetError]`
   ::: fail/propagation_diagnostics/main.nia:13:5
   |
13 |     value.?
   |     ----- propagated error value has type `SourceError`
   ::: fail/propagation_diagnostics/main.nia:12:1
   |
12 | fn missing_conversion(value: SourceError!i32) TargetError!i32 {
   | --------------------------------------------------------------- function return type is the propagation boundary
note: the propagated expression has error type `SourceError`, while this function returns error type `TargetError`
note: no direct, visible `IntoError` implementation was found for the propagated error
help: implement `IntoError[TargetError]` for `SourceError`, or change the function return error type to `SourceError`

summary: 3 errors, 0 warnings
