path: fail/structural_recovery_diagnostics/main.nia
code: E0201
summary: unknown value `missing_tuple`
label: 20..33 Primary Source no value named `missing_tuple` is visible in this scope
help: check the spelling, import `missing_tuple`, or declare it before this use

path: fail/structural_recovery_diagnostics/main.nia
code: E0201
summary: unknown value `missing_array`
label: 44..57 Primary Source no value named `missing_array` is visible in this scope
help: check the spelling, import `missing_array`, or declare it before this use

path: fail/structural_recovery_diagnostics/main.nia
code: E0201
summary: unknown value `missing_deferred`
label: 71..87 Primary Source no value named `missing_deferred` is visible in this scope
help: check the spelling, import `missing_deferred`, or declare it before this use

path: fail/structural_recovery_diagnostics/main.nia
code: E0201
summary: unknown value `missing_iterable`
label: 106..122 Primary Source no value named `missing_iterable` is visible in this scope
help: check the spelling, import `missing_iterable`, or declare it before this use

path: fail/structural_recovery_diagnostics/main.nia
code: E0301
summary: non-unit expression result is discarded; assign it to `_` explicitly
label: 157..158 Primary Source non-unit expression result is discarded; assign it to `_` explicitly

report:
diagnostics:
root diagnostic:
error[E0201]: unknown value `missing_tuple`
  --> fail/structural_recovery_diagnostics/main.nia:2:6
  |
2 |     (missing_tuple, 1);
  |      ^^^^^^^^^^^^^ no value named `missing_tuple` is visible in this scope
help: check the spelling, import `missing_tuple`, or declare it before this use

root diagnostic:
error[E0201]: unknown value `missing_array`
  --> fail/structural_recovery_diagnostics/main.nia:3:6
  |
3 |     [missing_array];
  |      ^^^^^^^^^^^^^ no value named `missing_array` is visible in this scope
help: check the spelling, import `missing_array`, or declare it before this use

root diagnostic:
error[E0201]: unknown value `missing_deferred`
  --> fail/structural_recovery_diagnostics/main.nia:4:12
  |
4 |     defer &missing_deferred;
  |            ^^^^^^^^^^^^^^^^ no value named `missing_deferred` is visible in this scope
help: check the spelling, import `missing_deferred`, or declare it before this use

root diagnostic:
error[E0201]: unknown value `missing_iterable`
  --> fail/structural_recovery_diagnostics/main.nia:5:18
  |
5 |     for item in (missing_iterable, 1) {
  |                  ^^^^^^^^^^^^^^^^ no value named `missing_iterable` is visible in this scope
help: check the spelling, import `missing_iterable`, or declare it before this use

root diagnostic:
error[E0301]: non-unit expression result is discarded; assign it to `_` explicitly
  --> fail/structural_recovery_diagnostics/main.nia:8:5
  |
8 |     2;
  |     ^ non-unit expression result is discarded; assign it to `_` explicitly

summary: 5 errors, 0 warnings
