path: fail/parser_recovery/main.nia
code: E0101
summary: expected `)` after parameters; found `{`
label: 24..25 Primary Source expected `)` after parameters; found `{`
help: check that the surrounding delimiters are balanced

path: fail/parser_recovery/main.nia
code: E0101
summary: expected `;` after binding; found `value`
label: 77..78 Primary Source expected `;` after binding; found `value`
help: add the missing `;` to terminate this declaration or statement

path: fail/parser_recovery/main.nia
code: E0101
summary: expected expression
label: 118..119 Primary Source expected expression
help: provide an expression here, such as a literal, name, or call

path: fail/parser_recovery/main.nia
code: E0101
summary: expected type; found `)`
label: 143..144 Primary Source expected type; found `)`
help: provide a type name or type expression here

path: fail/parser_recovery/main.nia
code: E0101
summary: expected binding pattern
label: 186..187 Primary Source expected binding pattern
help: use a name, `_`, or a supported destructuring pattern

path: fail/parser_recovery/main.nia
code: E0101
summary: expected `)` after parameters; found `{`
label: 226..227 Primary Source expected `)` after parameters; found `{`
help: check that the surrounding delimiters are balanced

path: fail/parser_recovery/main.nia
code: E0101
summary: expected type; found `,`
label: 284..285 Primary Source expected type; found `,`
help: provide a type name or type expression here

path: fail/parser_recovery/main.nia
code: E0101
summary: expected type; found `,`
label: 360..361 Primary Source expected type; found `,`
help: provide a type name or type expression here

path: fail/parser_recovery/main.nia
code: E0101
summary: expected function name; found `(`
label: 408..409 Primary Source expected function name; found `(`
help: use an identifier in this position

path: fail/parser_recovery/main.nia
code: E0101
summary: lexical error: unexpected byte 0x24
label: 457..458 Primary Source lexical error: unexpected byte 0x24

report:
diagnostics:
root diagnostic:
error[E0101]: expected `)` after parameters; found `{`
  --> fail/parser_recovery/main.nia:1:25
  |
1 | fn malformed(value: i32 {
  |                         ^ expected `)` after parameters; found `{`
help: check that the surrounding delimiters are balanced

root diagnostic:
error[E0101]: expected `;` after binding; found `value`
  --> fail/parser_recovery/main.nia:6:17
  |
6 |     let value = 1
  |                 ^ expected `;` after binding; found `value`
help: add the missing `;` to terminate this declaration or statement

root diagnostic:
error[E0101]: expected expression
   --> fail/parser_recovery/main.nia:12:1
   |
12 | }
   | ^ expected expression
help: provide an expression here, such as a literal, name, or call

root diagnostic:
error[E0101]: expected type; found `)`
   --> fail/parser_recovery/main.nia:14:23
   |
14 | fn missing_type(value:) () {}
   |                       ^ expected type; found `)`
help: provide a type name or type expression here

root diagnostic:
error[E0101]: expected binding pattern
   --> fail/parser_recovery/main.nia:17:9
   |
17 |     let = 1;
   |         ^ expected binding pattern
help: use a name, `_`, or a supported destructuring pattern

root diagnostic:
error[E0101]: expected `)` after parameters; found `{`
   --> fail/parser_recovery/main.nia:20:33
   |
20 | fn missing_delimiter(value: i32 {
   |                                 ^ expected `)` after parameters; found `{`
help: check that the surrounding delimiters are balanced

root diagnostic:
error[E0101]: expected type; found `,`
   --> fail/parser_recovery/main.nia:25:14
   |
25 |     missing: ,
   |              ^ expected type; found `,`
help: provide a type name or type expression here

root diagnostic:
error[E0101]: expected type; found `,`
   --> fail/parser_recovery/main.nia:31:18
   |
31 |         missing: ,
   |                  ^ expected type; found `,`
help: provide a type name or type expression here

root diagnostic:
error[E0101]: expected function name; found `(`
   --> fail/parser_recovery/main.nia:37:4
   |
37 | fn () {}
   |    ^ expected function name; found `(`
help: use an identifier in this position

root diagnostic:
error[E0101]: lexical error: unexpected byte 0x24
   --> fail/parser_recovery/main.nia:40:19
   |
40 |     let value = 1 $;
   |                   ^ lexical error: unexpected byte 0x24

summary: 10 errors, 0 warnings
