path: fail/parser_recovery/main.nia
code: E0101
summary: expected `)` after parameters; found `{`
label: 24..25 Primary Source expected `)` after parameters; found `{`
help: check that the surrounding delimiters are balanced

path: fail/parser_recovery/main.nia
code: E0101
summary: expected `;` after binding; found `value`
label: 77..78 Primary Source expected `;` after binding; found `value`
help: add the missing `;` to terminate this declaration or statement

path: fail/parser_recovery/main.nia
code: E0101
summary: expected expression
label: 118..119 Primary Source expected expression
help: provide an expression here, such as a literal, name, or call

report:
diagnostics:
root diagnostic:
error[E0101]: expected `)` after parameters; found `{`
  --> fail/parser_recovery/main.nia:1:25
  |
1 | fn malformed(value: i32 {
  |                         ^ expected `)` after parameters; found `{`
help: check that the surrounding delimiters are balanced

root diagnostic:
error[E0101]: expected `;` after binding; found `value`
  --> fail/parser_recovery/main.nia:6:17
  |
6 |     let value = 1
  |                 ^ expected `;` after binding; found `value`
help: add the missing `;` to terminate this declaration or statement

root diagnostic:
error[E0101]: expected expression
   --> fail/parser_recovery/main.nia:12:1
   |
12 | }
   | ^ expected expression
help: provide an expression here, such as a literal, name, or call

summary: 3 errors, 0 warnings
