path: fail/structural_binding_recovery/main.nia
code: E0201
summary: unknown value `missing`
label: 33..40 Primary Source no value named `missing` is visible in this scope
help: check the spelling, import `missing`, or declare it before this use

report:
diagnostics:
root diagnostic:
error[E0201]: unknown value `missing`
  --> fail/structural_binding_recovery/main.nia:2:19
  |
2 |     let &value = (missing, 1);
  |                   ^^^^^^^ no value named `missing` is visible in this scope
help: check the spelling, import `missing`, or declare it before this use

summary: 1 error, 0 warnings
