path: fail/closure_capture_recovery/main.nia
code: E0101
summary: expected capture name; found `,`
label: 82..83 Primary Source expected capture name; found `,`
help: use an identifier in this position

report:
diagnostics:
root diagnostic:
error[E0101]: expected capture name; found `,`
  --> fail/closure_capture_recovery/main.nia:4:27
  |
4 |     let closure = \[kept, , later] value -> kept;
  |                           ^ expected capture name; found `,`
help: use an identifier in this position

summary: 1 error, 0 warnings
