path: fail/asm_container_recovery/main.nia
code: E0201
summary: unknown value `missing_config`
label: 40..54 Primary Source no value named `missing_config` is visible in this scope
help: check the spelling, import `missing_config`, or declare it before this use

path: fail/asm_container_recovery/main.nia
code: E0301
summary: builtin `asm` requires a `code` byte string literal
label: 61..78 Primary Source builtin `asm` requires a `code` byte string literal

path: fail/asm_container_recovery/main.nia
code: E0201
summary: unknown value `missing_inputs`
label: 98..112 Primary Source no value named `missing_inputs` is visible in this scope
help: check the spelling, import `missing_inputs`, or declare it before this use

path: fail/asm_container_recovery/main.nia
code: E0201
summary: unknown value `missing_outputs`
label: 131..146 Primary Source no value named `missing_outputs` is visible in this scope
help: check the spelling, import `missing_outputs`, or declare it before this use

path: fail/asm_container_recovery/main.nia
code: E0201
summary: unknown value `missing_clobbers`
label: 166..182 Primary Source no value named `missing_clobbers` is visible in this scope
help: check the spelling, import `missing_clobbers`, or declare it before this use

path: fail/asm_container_recovery/main.nia
code: E0201
summary: unknown value `missing_options`
label: 201..216 Primary Source no value named `missing_options` is visible in this scope
help: check the spelling, import `missing_options`, or declare it before this use

report:
diagnostics:
root diagnostic:
error[E0201]: unknown value `missing_config`
  --> fail/asm_container_recovery/main.nia:2:23
  |
2 |     std::builtin::asm(missing_config);
  |                       ^^^^^^^^^^^^^^ no value named `missing_config` is visible in this scope
help: check the spelling, import `missing_config`, or declare it before this use

root diagnostic:
error[E0301]: builtin `asm` requires a `code` byte string literal
  --> fail/asm_container_recovery/main.nia:3:5
  |
3 |     std::builtin::asm(.{
  |     ^^^^^^^^^^^^^^^^^ builtin `asm` requires a `code` byte string literal

root diagnostic:
error[E0201]: unknown value `missing_inputs`
  --> fail/asm_container_recovery/main.nia:4:17
  |
4 |         inputs: missing_inputs,
  |                 ^^^^^^^^^^^^^^ no value named `missing_inputs` is visible in this scope
help: check the spelling, import `missing_inputs`, or declare it before this use

root diagnostic:
error[E0201]: unknown value `missing_outputs`
  --> fail/asm_container_recovery/main.nia:5:18
  |
5 |         outputs: missing_outputs,
  |                  ^^^^^^^^^^^^^^^ no value named `missing_outputs` is visible in this scope
help: check the spelling, import `missing_outputs`, or declare it before this use

root diagnostic:
error[E0201]: unknown value `missing_clobbers`
  --> fail/asm_container_recovery/main.nia:6:19
  |
6 |         clobbers: missing_clobbers,
  |                   ^^^^^^^^^^^^^^^^ no value named `missing_clobbers` is visible in this scope
help: check the spelling, import `missing_clobbers`, or declare it before this use

root diagnostic:
error[E0201]: unknown value `missing_options`
  --> fail/asm_container_recovery/main.nia:7:18
  |
7 |         options: missing_options,
  |                  ^^^^^^^^^^^^^^^ no value named `missing_options` is visible in this scope
help: check the spelling, import `missing_options`, or declare it before this use

summary: 6 errors, 0 warnings
