path: fail/call_argument_delimiter_recovery/main.nia
code: E0101
summary: expected `,` or `)` after call argument; found `false`
label: 32..37 Primary Source expected `,` or `)` after call argument; found `false`

report:
diagnostics:
root diagnostic:
error[E0101]: expected `,` or `)` after call argument; found `false`
  --> fail/call_argument_delimiter_recovery/main.nia:2:18
  |
2 |     consume(true false);
  |                  ^^^^^ expected `,` or `)` after call argument; found `false`

summary: 1 error, 0 warnings
