path: fail/ambiguous_extension_method/main.nia
code: E0301
summary: ambiguous method `rank`
label: 219..230 Primary Source ambiguous method `rank`
note: the receiver has type `Pair[i32, i32]`; more than one candidate is equally specific for this receiver
note: candidate methods:
  - rank() -> i32
note: 1 additional candidate(s) omitted
help: make the receiver type or argument types more specific, or use an explicit method/type qualification

report:
diagnostics:
root diagnostic:
error[E0301]: ambiguous method `rank`
   --> fail/ambiguous_extension_method/main.nia:19:5
   |
19 |     pair.rank()
   |     ^^^^^^^^^^^ ambiguous method `rank`
note: the receiver has type `Pair[i32, i32]`; more than one candidate is equally specific for this receiver
note: candidate methods:
  - rank() -> i32
note: 1 additional candidate(s) omitted
help: make the receiver type or argument types more specific, or use an explicit method/type qualification

summary: 1 error, 0 warnings
