path: fail/callable_type_parser_recovery/main.nia
code: E0101
summary: expected type
label: 25..26 Primary Source expected type
help: provide a type name or type expression here

path: fail/callable_type_parser_recovery/main.nia
code: E0101
summary: expected type
label: 46..47 Primary Source expected type
help: provide a type name or type expression here

report:
diagnostics:
root diagnostic:
error[E0101]: expected type
  --> fail/callable_type_parser_recovery/main.nia:1:26
  |
1 | fn retained(pointer: &fn(, i32), callable: Fn(, bool)) () {}
  |                          ^ expected type
help: provide a type name or type expression here

root diagnostic:
error[E0101]: expected type
  --> fail/callable_type_parser_recovery/main.nia:1:47
  |
1 | fn retained(pointer: &fn(, i32), callable: Fn(, bool)) () {}
  |                                               ^ expected type
help: provide a type name or type expression here

summary: 2 errors, 0 warnings
