path: fail/package_restricted_associated_value/main.nia
code: E0201
summary: associated value `LIMIT` is restricted to its package
label: 56..61 Primary Source associated value `LIMIT` is not visible from this module
help: make the associated value public or use it from the defining package
related: 49..77 the restricted associated value is declared here

report:
diagnostics:
root diagnostic:
error[E0201]: associated value `LIMIT` is restricted to its package
  --> fail/package_restricted_associated_value/main.nia:4:19
  |
4 |     model::Value::LIMIT
  |                   ^^^^^ associated value `LIMIT` is not visible from this module
help: make the associated value public or use it from the defining package
related: fail/package_restricted_associated_value/dep/model.nia:4:14: the restricted associated value is declared here

summary: 1 error, 0 warnings
