path: fail/qualified_callable/main.nia
code: E0301
summary: generic function pointer requires explicit type arguments
label: 62..75 Primary Source generic function pointer requires explicit type arguments

path: fail/qualified_callable/main.nia
code: E0201
summary: unknown value `comput`
label: 175..181 Primary Source unknown value `comput`
help: check the module path, spelling, and whether the value is public
help: did you mean `compute`?

report:
diagnostics:
root diagnostic:
error[E0301]: generic function pointer requires explicit type arguments
  --> fail/qualified_callable/main.nia:4:34
  |
4 |     let missing: &fn(i32) i32 = &api::identity;
  |                                  ^^^^^^^^^^^^^ generic function pointer requires explicit type arguments

root diagnostic:
error[E0201]: unknown value `comput`
  --> fail/qualified_callable/main.nia:8:10
  |
8 |     api::comput()
  |          ^^^^^^ unknown value `comput`
help: check the module path, spelling, and whether the value is public
help: did you mean `compute`?
suggestion (maybe-incorrect): replace the unknown member with this spelling
  edit: fail/qualified_callable/main.nia:8:10 replace 175..181 with "compute"

summary: 2 errors, 0 warnings
note: suppressed 1 diagnostic(s) (0 duplicate(s), 1 downstream consequence(s), 0 over limit)
