path: fail/generic_parameter_parser_recovery/main.nia
code: E0101
summary: expected generic parameter
label: 12..13 Primary Source expected generic parameter
help: use an identifier in this position

path: fail/generic_parameter_parser_recovery/main.nia
code: E0101
summary: expected type
label: 56..57 Primary Source expected type
help: provide a type name or type expression here

path: fail/generic_parameter_parser_recovery/main.nia
code: E0101
summary: expected type
label: 105..106 Primary Source expected type
help: provide a type name or type expression here

report:
diagnostics:
root diagnostic:
error[E0101]: expected generic parameter
  --> fail/generic_parameter_parser_recovery/main.nia:1:13
  |
1 | fn retained[, Kept]() () {}
  |             ^ expected generic parameter
help: use an identifier in this position

root diagnostic:
error[E0101]: expected type
  --> fail/generic_parameter_parser_recovery/main.nia:3:28
  |
3 | fn const_retained[Missing: , Kept: i32]() () {}
  |                            ^ expected type
help: provide a type name or type expression here

root diagnostic:
error[E0101]: expected type
  --> fail/generic_parameter_parser_recovery/main.nia:5:28
  |
5 | fn const_terminal[Missing: ]() () {}
  |                            ^ expected type
help: provide a type name or type expression here

summary: 3 errors, 0 warnings
