path: fail/control_flow_statement_parser_recovery/main.nia
code: E0101
summary: expected expression
label: 22..23 Primary Source expected expression
help: provide an expression here, such as a literal, name, or call

report:
diagnostics:
root diagnostic:
error[E0101]: expected expression
  --> fail/control_flow_statement_parser_recovery/main.nia:2:8
  |
2 |     if {
  |        ^ expected expression
help: provide an expression here, such as a literal, name, or call

summary: 1 error, 0 warnings
