path: fail/aggregate_literal_nested_recovery/main.nia
code: E0101
summary: expected expression
label: 85..86 Primary Source expected expression
help: provide an expression here, such as a literal, name, or call

report:
diagnostics:
root diagnostic:
error[E0101]: expected expression
  --> fail/aggregate_literal_nested_recovery/main.nia:7:28
  |
7 |     let point = Point { x: @ (bad, value), y: true };
  |                            ^ expected expression
help: provide an expression here, such as a literal, name, or call

summary: 1 error, 0 warnings
