path: fail/structural_generic_recovery/main.nia
code: E0201
summary: unknown value `missing`
label: 75..82 Primary Source no value named `missing` is visible in this scope
help: check the spelling, import `missing`, or declare it before this use

report:
diagnostics:
root diagnostic:
error[E0201]: unknown value `missing`
  --> fail/structural_generic_recovery/main.nia:4:17
  |
4 |     _ = choose((missing, 1i32), (true, false));
  |                 ^^^^^^^ no value named `missing` is visible in this scope
help: check the spelling, import `missing`, or declare it before this use

summary: 1 error, 0 warnings
