path: fail/trait_requirement_source/main.nia
code: E0201
summary: implementation of trait requires explicit implementation of supertrait `Base`
label: 37..42 Primary Source this implementation has no `Base` supertrait witness
help: add an implementation of `Base` for this target type
related: 63..67 the implemented trait requires `Base` here

report:
diagnostics:
root diagnostic:
error[E0201]: implementation of trait requires explicit implementation of supertrait `Base`
  --> fail/trait_requirement_source/main.nia:5:8
  |
5 | extend Local : api::Child {
  |        ^^^^^ this implementation has no `Base` supertrait witness
help: add an implementation of `Base` for this target type
related: fail/trait_requirement_source/api.nia:5:19: the implemented trait requires `Base` here

summary: 1 error, 0 warnings
