path: fail/call_argument_parser_recovery/main.nia
code: E0101
summary: expected expression
label: 27..28 Primary Source expected expression
help: provide an expression here, such as a literal, name, or call

path: fail/call_argument_parser_recovery/main.nia
code: E0101
summary: expected expression
label: 31..32 Primary Source expected expression
help: provide an expression here, such as a literal, name, or call

report:
diagnostics:
root diagnostic:
error[E0101]: expected expression
  --> fail/call_argument_parser_recovery/main.nia:2:13
  |
2 |     consume(, 1,, true);
  |             ^ expected expression
help: provide an expression here, such as a literal, name, or call

root diagnostic:
error[E0101]: expected expression
  --> fail/call_argument_parser_recovery/main.nia:2:17
  |
2 |     consume(, 1,, true);
  |                 ^ expected expression
help: provide an expression here, such as a literal, name, or call

summary: 2 errors, 0 warnings
