path: fail/unterminated_record_bodies_recovery/main.nia
code: E0101
summary: expected `}` after struct body; found `union`
label: 30..35 Primary Source expected `}` after struct body; found `union`
help: check that the surrounding delimiters are balanced

path: fail/unterminated_record_bodies_recovery/main.nia
code: E0101
summary: expected `}` after union body; found `enum`
label: 64..68 Primary Source expected `}` after union body; found `enum`
help: check that the surrounding delimiters are balanced

path: fail/unterminated_record_bodies_recovery/main.nia
code: E0101
summary: expected `}` after enum body; found `fn`
label: 90..92 Primary Source expected `}` after enum body; found `fn`
help: check that the surrounding delimiters are balanced

report:
diagnostics:
root diagnostic:
error[E0101]: expected `}` after struct body; found `union`
  --> fail/unterminated_record_bodies_recovery/main.nia:2:1
  |
2 | union AlsoRecovered { value: i32,
  | ^^^^^ expected `}` after struct body; found `union`
help: check that the surrounding delimiters are balanced

root diagnostic:
error[E0101]: expected `}` after union body; found `enum`
  --> fail/unterminated_record_bodies_recovery/main.nia:3:1
  |
3 | enum YetRecovered { Kept,
  | ^^^^ expected `}` after union body; found `enum`
help: check that the surrounding delimiters are balanced

root diagnostic:
error[E0101]: expected `}` after enum body; found `fn`
  --> fail/unterminated_record_bodies_recovery/main.nia:4:1
  |
4 | fn later() () {}
  | ^^ expected `}` after enum body; found `fn`
help: check that the surrounding delimiters are balanced

summary: 3 errors, 0 warnings
