path: fail/tuple_type_nested_recovery/main.nia
code: E0101
summary: expected type
label: 20..21 Primary Source expected type
help: provide a type name or type expression here

report:
diagnostics:
root diagnostic:
error[E0101]: expected type
  --> fail/tuple_type_nested_recovery/main.nia:1:21
  |
1 | fn retained(value: (@ (bad, value), bool)) () {}
  |                     ^ expected type
help: provide a type name or type expression here

summary: 1 error, 0 warnings
