path: fail/tuple_expression_pattern_recovery/main.nia
code: E0101
summary: expected expression
label: 32..33 Primary Source expected expression
help: provide an expression here, such as a literal, name, or call

path: fail/tuple_expression_pattern_recovery/main.nia
code: E0101
summary: expected expression
label: 36..37 Primary Source expected expression
help: provide an expression here, such as a literal, name, or call

path: fail/tuple_expression_pattern_recovery/main.nia
code: E0101
summary: expected binding pattern
label: 54..55 Primary Source expected binding pattern
help: use a name, `_`, or a supported destructuring pattern

path: fail/tuple_expression_pattern_recovery/main.nia
code: E0101
summary: expected binding pattern
label: 65..66 Primary Source expected binding pattern
help: use a name, `_`, or a supported destructuring pattern

report:
diagnostics:
root diagnostic:
error[E0101]: expected expression
  --> fail/tuple_expression_pattern_recovery/main.nia:2:18
  |
2 |     let value = (, 1,, true);
  |                  ^ expected expression
help: provide an expression here, such as a literal, name, or call

root diagnostic:
error[E0101]: expected expression
  --> fail/tuple_expression_pattern_recovery/main.nia:2:22
  |
2 |     let value = (, 1,, true);
  |                      ^ expected expression
help: provide an expression here, such as a literal, name, or call

root diagnostic:
error[E0101]: expected binding pattern
  --> fail/tuple_expression_pattern_recovery/main.nia:3:10
  |
3 |     let (, retained,, last) = value;
  |          ^ expected binding pattern
help: use a name, `_`, or a supported destructuring pattern

root diagnostic:
error[E0101]: expected binding pattern
  --> fail/tuple_expression_pattern_recovery/main.nia:3:21
  |
3 |     let (, retained,, last) = value;
  |                     ^ expected binding pattern
help: use a name, `_`, or a supported destructuring pattern

summary: 4 errors, 0 warnings
