path: fail/restricted_qualified_visibility/main.nia
code: E0201
summary: value `api::inner::restricted` is restricted to its parent module and descendants
label: 49..59 Primary Source value `api::inner::restricted` is not visible from this module
help: make the value public or move this use into its permitted scope
related: 0..40 the restricted value is declared here

path: fail/restricted_qualified_visibility/main.nia
code: E0201
summary: type `api::inner::Restricted` is restricted to its parent module and descendants
label: 94..104 Primary Source type `api::inner::Restricted` is not visible from this module
help: make the type public or move this use into its permitted scope
related: 42..73 the restricted type is declared here

report:
diagnostics:
root diagnostic:
error[E0201]: value `api::inner::restricted` is restricted to its parent module and descendants
  --> fail/restricted_qualified_visibility/main.nia:4:17
  |
4 |     api::inner::restricted()
  |                 ^^^^^^^^^^ value `api::inner::restricted` is not visible from this module
help: make the value public or move this use into its permitted scope
related: fail/restricted_qualified_visibility/api/inner.nia:1:1: the restricted value is declared here

root diagnostic:
error[E0201]: type `api::inner::Restricted` is restricted to its parent module and descendants
  --> fail/restricted_qualified_visibility/main.nia:7:30
  |
7 | fn accept(value: api::inner::Restricted) i32 {
  |                              ^^^^^^^^^^ type `api::inner::Restricted` is not visible from this module
help: make the type public or move this use into its permitted scope
related: fail/restricted_qualified_visibility/api/inner.nia:5:1: the restricted type is declared here

summary: 2 errors, 0 warnings
note: suppressed 1 diagnostic(s) (0 duplicate(s), 1 downstream consequence(s), 0 over limit)
