path: fail/aggregate_literal_parser_recovery/main.nia
code: E0101
summary: expected expression
label: 75..76 Primary Source expected expression
help: provide an expression here, such as a literal, name, or call

path: fail/aggregate_literal_parser_recovery/main.nia
code: E0101
summary: expected expression
label: 79..80 Primary Source expected expression
help: provide an expression here, such as a literal, name, or call

path: fail/aggregate_literal_parser_recovery/main.nia
code: E0101
summary: expected expression
label: 115..116 Primary Source expected expression
help: provide an expression here, such as a literal, name, or call

report:
diagnostics:
root diagnostic:
error[E0101]: expected expression
  --> fail/aggregate_literal_parser_recovery/main.nia:7:18
  |
7 |     let array = [, 1,, true];
  |                  ^ expected expression
help: provide an expression here, such as a literal, name, or call

root diagnostic:
error[E0101]: expected expression
  --> fail/aggregate_literal_parser_recovery/main.nia:7:22
  |
7 |     let array = [, 1,, true];
  |                      ^ expected expression
help: provide an expression here, such as a literal, name, or call

root diagnostic:
error[E0101]: expected expression
  --> fail/aggregate_literal_parser_recovery/main.nia:8:28
  |
8 |     let point = Point { x: , y: true };
  |                            ^ expected expression
help: provide an expression here, such as a literal, name, or call

summary: 3 errors, 0 warnings
