path: fail/operator_recovery_diagnostics/main.nia
code: E0201
summary: unknown value `missing`
label: 26..33 Primary Source no value named `missing` is visible in this scope
help: check the spelling, import `missing`, or declare it before this use

path: fail/operator_recovery_diagnostics/main.nia
code: E0201
summary: unknown value `missing`
label: 52..59 Primary Source no value named `missing` is visible in this scope
help: check the spelling, import `missing`, or declare it before this use

path: fail/operator_recovery_diagnostics/main.nia
code: E0301
summary: shift count must be an integer type, got bool
label: 74..78 Primary Source shift count must be an integer type, got bool

report:
diagnostics:
root diagnostic:
error[E0201]: unknown value `missing`
  --> fail/operator_recovery_diagnostics/main.nia:2:9
  |
2 |     _ = missing + 1;
  |         ^^^^^^^ no value named `missing` is visible in this scope
help: check the spelling, import `missing`, or declare it before this use

root diagnostic:
error[E0201]: unknown value `missing`
  --> fail/operator_recovery_diagnostics/main.nia:3:14
  |
3 |     _ = 1 << missing;
  |              ^^^^^^^ no value named `missing` is visible in this scope
help: check the spelling, import `missing`, or declare it before this use

root diagnostic:
error[E0301]: shift count must be an integer type, got bool
  --> fail/operator_recovery_diagnostics/main.nia:4:14
  |
4 |     _ = 1 << true;
  |              ^^^^ shift count must be an integer type, got bool

summary: 3 errors, 0 warnings
